{
  "data" : {
    "model" : {
      "label" : "Label",
      "description" : "Enter Description",
      "flowVariableName" : "single-selection",
      "hideInWizard" : false,
      "customCSS" : "",
      "required" : true,
      "triggerReExecution" : false,
      "singleSelectionNodeParameters" : {
        "defaultValue" : { },
        "limitVisOptions" : {
          "selectionType" : "Dropdown",
          "limitVisibleOptions" : {
            "limitNumberOfVisibleOptions" : false,
            "numberOfVisibleOptions" : 10
          }
        }
      }
    }
  },
  "schema" : {
    "type" : "object",
    "properties" : {
      "model" : {
        "type" : "object",
        "properties" : {
          "customCSS" : {
            "type" : "string",
            "default" : ""
          },
          "description" : {
            "type" : "string",
            "title" : "Description",
            "description" : "Some lines of description that will be shown in the view, for instance by means of a tooltip.",
            "default" : "Enter Description"
          },
          "flowVariableName" : {
            "type" : "string",
            "title" : "Variable name",
            "description" : "The name of the exported flow variable.",
            "default" : "single-selection"
          },
          "hideInWizard" : {
            "type" : "boolean",
            "default" : false
          },
          "label" : {
            "type" : "string",
            "title" : "Label",
            "description" : "A descriptive label that will be shown in the view.",
            "default" : "Label"
          },
          "required" : {
            "type" : "boolean",
            "default" : true
          },
          "singleSelectionNodeParameters" : {
            "type" : "object",
            "properties" : {
              "defaultValue" : {
                "type" : "object",
                "properties" : {
                  "variableValue" : {
                    "type" : "string",
                    "title" : "Default value",
                    "description" : "Default value for the field. If you want to use a value that is not among the possible choices as the default, override the field using a flow variable."
                  }
                },
                "default" : { }
              },
              "limitVisOptions" : {
                "type" : "object",
                "properties" : {
                  "limitVisibleOptions" : {
                    "type" : "object",
                    "properties" : {
                      "limitNumberOfVisibleOptions" : {
                        "type" : "boolean",
                        "title" : "Limit number of visible options",
                        "description" : "By default the List component adjusts its height to display all possible choices without a scroll bar. If the setting is enabled, you will be able to limit the number of visible options in case you have too many of them. The setting is available only for List selection type.",
                        "default" : false
                      },
                      "numberOfVisibleOptions" : {
                        "type" : "integer",
                        "format" : "int32",
                        "title" : "Number of visible options",
                        "description" : "A number of options visible in the List component without a vertical scroll bar. Changing this value will also affect the component's height. The setting is available only for List selection type.",
                        "default" : 5
                      }
                    },
                    "default" : {
                      "limitNumberOfVisibleOptions" : false,
                      "numberOfVisibleOptions" : 5
                    }
                  },
                  "selectionType" : {
                    "type" : "string",
                    "title" : "Selection type",
                    "description" : "The type of the selection element. This can be either radio buttons with a vertical or horizontal layout, a list or a dropdown selection.",
                    "default" : "Dropdown"
                  }
                },
                "default" : {
                  "selectionType" : "Dropdown",
                  "limitVisibleOptions" : {
                    "limitNumberOfVisibleOptions" : false,
                    "numberOfVisibleOptions" : 5
                  }
                }
              },
              "overwrittenByValueMessage" : {
                "type" : "object"
              },
              "possibleChoices" : {
                "type" : "string",
                "title" : "Possible choices",
                "description" : "The possible choices, each line is one possible value."
              }
            },
            "default" : {
              "defaultValue" : { },
              "limitVisOptions" : {
                "selectionType" : "Dropdown",
                "limitVisibleOptions" : {
                  "limitNumberOfVisibleOptions" : false,
                  "numberOfVisibleOptions" : 5
                }
              }
            }
          },
          "triggerReExecution" : {
            "type" : "boolean",
            "title" : "Re-execution on widget value change",
            "description" : "If selected, the widget emits reactivity events that trigger the re-execution of downstream nodes in a component composite view when its value changes. It allows users to create interactive Data Apps and visualizations.",
            "default" : false
          }
        }
      }
    }
  },
  "ui_schema" : {
    "elements" : [ {
      "label" : "Form Field",
      "type" : "Section",
      "elements" : [ {
        "type" : "Control",
        "scope" : "#/properties/model/properties/label"
      }, {
        "type" : "Control",
        "scope" : "#/properties/model/properties/description"
      }, {
        "type" : "Control",
        "scope" : "#/properties/model/properties/singleSelectionNodeParameters/properties/limitVisOptions/properties/selectionType",
        "options" : {
          "format" : "dropDown"
        },
        "providedOptions" : [ "possibleValues" ]
      }, {
        "type" : "Control",
        "scope" : "#/properties/model/properties/singleSelectionNodeParameters/properties/limitVisOptions/properties/limitVisibleOptions/properties/limitNumberOfVisibleOptions",
        "options" : {
          "format" : "checkbox"
        },
        "rule" : {
          "effect" : "SHOW",
          "condition" : {
            "scope" : "#/properties/model/properties/singleSelectionNodeParameters/properties/limitVisOptions/properties/selectionType",
            "schema" : {
              "const" : "List"
            }
          }
        }
      }, {
        "type" : "Control",
        "scope" : "#/properties/model/properties/singleSelectionNodeParameters/properties/limitVisOptions/properties/limitVisibleOptions/properties/numberOfVisibleOptions",
        "options" : {
          "validation" : {
            "max" : {
              "errorMessage" : "The value must not exceed 2147483647.",
              "parameters" : {
                "isExclusive" : false,
                "max" : 2.147483647E9
              }
            },
            "min" : {
              "errorMessage" : "The value must be at least 2.",
              "parameters" : {
                "isExclusive" : false,
                "min" : 2.0
              }
            }
          }
        },
        "rule" : {
          "effect" : "SHOW",
          "condition" : {
            "type" : "AND",
            "conditions" : [ {
              "scope" : "#/properties/model/properties/singleSelectionNodeParameters/properties/limitVisOptions/properties/limitVisibleOptions/properties/limitNumberOfVisibleOptions",
              "schema" : {
                "const" : true
              }
            }, {
              "scope" : "#/properties/model/properties/singleSelectionNodeParameters/properties/limitVisOptions/properties/selectionType",
              "schema" : {
                "const" : "List"
              }
            } ]
          }
        }
      }, {
        "type" : "Control",
        "scope" : "#/properties/model/properties/singleSelectionNodeParameters/properties/possibleChoices",
        "options" : {
          "rows" : 4,
          "format" : "textArea"
        }
      } ]
    }, {
      "label" : "Output",
      "type" : "Section",
      "elements" : [ {
        "type" : "Control",
        "id" : "#/properties/model/properties/singleSelectionNodeParameters/properties/overwrittenByValueMessage",
        "options" : {
          "format" : "textMessage"
        },
        "providedOptions" : [ "message" ]
      }, {
        "type" : "Control",
        "scope" : "#/properties/model/properties/singleSelectionNodeParameters/properties/defaultValue/properties/variableValue",
        "options" : {
          "format" : "dropDown"
        },
        "providedOptions" : [ "possibleValues" ]
      }, {
        "type" : "Control",
        "scope" : "#/properties/model/properties/flowVariableName",
        "options" : {
          "validation" : {
            "pattern" : {
              "errorMessage" : "The string must start and end with a non-whitespace character.",
              "parameters" : {
                "pattern" : "\\S(.*\\S)?"
              }
            }
          }
        }
      } ]
    }, {
      "label" : "Re-execution",
      "type" : "Section",
      "elements" : [ {
        "type" : "Control",
        "scope" : "#/properties/model/properties/triggerReExecution",
        "options" : {
          "format" : "checkbox"
        }
      } ]
    } ]
  },
  "persist" : {
    "type" : "object",
    "properties" : {
      "model" : {
        "type" : "object",
        "properties" : {
          "label" : { },
          "description" : { },
          "flowVariableName" : { },
          "hideInWizard" : { },
          "customCSS" : { },
          "required" : { },
          "triggerReExecution" : {
            "configKey" : "trigger_reexecution"
          },
          "singleSelectionNodeParameters" : {
            "type" : "object",
            "properties" : {
              "overwrittenByValueMessage" : { },
              "defaultValue" : {
                "type" : "object",
                "properties" : {
                  "variableValue" : {
                    "configPaths" : [ [ "variable_value" ] ]
                  }
                }
              },
              "limitVisOptions" : {
                "type" : "object",
                "properties" : {
                  "selectionType" : {
                    "configKey" : "type"
                  },
                  "limitVisibleOptions" : {
                    "type" : "object",
                    "properties" : {
                      "limitNumberOfVisibleOptions" : {
                        "configKey" : "limit_number_visible_options"
                      },
                      "numberOfVisibleOptions" : {
                        "configKey" : "number_visible_options"
                      }
                    },
                    "propertiesRoute" : [ ".." ]
                  }
                },
                "propertiesRoute" : [ ".." ]
              },
              "possibleChoices" : {
                "configPaths" : [ [ "possible_choices" ] ]
              }
            },
            "propertiesRoute" : [ ".." ]
          }
        }
      }
    }
  },
  "initialUpdates" : [ {
    "scope" : "#/properties/model/properties/singleSelectionNodeParameters/properties/defaultValue/properties/variableValue",
    "providedOptionName" : "possibleValues",
    "values" : [ {
      "indices" : [ ],
      "value" : [ ]
    } ]
  }, {
    "scope" : "#/properties/model/properties/singleSelectionNodeParameters/properties/limitVisOptions/properties/selectionType",
    "providedOptionName" : "possibleValues",
    "values" : [ {
      "indices" : [ ],
      "value" : [ {
        "id" : "Radio buttons (horizontal)",
        "text" : "Radio buttons (horizontal)"
      }, {
        "id" : "Radio buttons (vertical)",
        "text" : "Radio buttons (vertical)"
      }, {
        "id" : "List",
        "text" : "List"
      }, {
        "id" : "Dropdown",
        "text" : "Dropdown"
      } ]
    } ]
  } ],
  "globalUpdates" : [ {
    "trigger" : {
      "id" : "after-open-dialog"
    },
    "triggerInitially" : true,
    "dependencies" : [ "#/properties/model/properties/singleSelectionNodeParameters/properties/defaultValue/properties/variableValue", "#/properties/model/properties/singleSelectionNodeParameters/properties/possibleChoices" ]
  }, {
    "trigger" : {
      "scope" : "#/properties/model/properties/singleSelectionNodeParameters/properties/possibleChoices"
    },
    "dependencies" : [ "#/properties/model/properties/singleSelectionNodeParameters/properties/defaultValue/properties/variableValue", "#/properties/model/properties/singleSelectionNodeParameters/properties/possibleChoices" ]
  } ]
}