{
  "data" : {
    "model" : {
      "label" : "Label",
      "description" : "Enter Description",
      "flowVariableName" : "date-input",
      "hideInWizard" : false,
      "customCSS" : "",
      "required" : true,
      "dateNodeParameters" : {
        "timeSelectionDefault" : "CUSTOM",
        "defaultValue" : {
          "default" : {
            "date" : "2020-04-06",
            "time" : "14:20:12",
            "localDateTime" : "2020-04-06T14:20:12",
            "zonedDateTime" : {
              "dateTime" : "2020-04-06T14:20:12",
              "timeZone" : "Europe/Berlin"
            }
          }
        },
        "type" : "LOCAL_DATE_TIME",
        "granularity" : "SHOW_MINUTES",
        "timeSelectionMin" : "NONE",
        "min" : {
          "date" : "2020-04-06",
          "time" : "14:20:12",
          "localDateTime" : "2020-04-06T14:20:12",
          "zonedDateTime" : {
            "dateTime" : "2020-04-06T14:20:12",
            "timeZone" : "Europe/Berlin"
          }
        },
        "timeSelectionMax" : "NONE",
        "max" : {
          "date" : "2020-04-06",
          "time" : "14:20:12",
          "localDateTime" : "2020-04-06T14:20:12",
          "zonedDateTime" : {
            "dateTime" : "2020-04-06T14:20:12",
            "timeZone" : "Europe/Berlin"
          }
        }
      },
      "showNowButton" : true
    }
  },
  "schema" : {
    "type" : "object",
    "properties" : {
      "model" : {
        "type" : "object",
        "properties" : {
          "customCSS" : {
            "type" : "string",
            "default" : ""
          },
          "dateNodeParameters" : {
            "type" : "object",
            "properties" : {
              "defaultValue" : {
                "type" : "object",
                "properties" : {
                  "default" : {
                    "type" : "object",
                    "properties" : {
                      "date" : {
                        "type" : "string",
                        "format" : "date",
                        "title" : "Custom default date",
                        "description" : "The default date.",
                        "default" : "2025-09-15"
                      },
                      "localDateTime" : {
                        "type" : "string",
                        "format" : "date-time",
                        "title" : "Custom default local date&time",
                        "description" : "The default local date&amp;time.",
                        "default" : "2025-09-15T11:00:00"
                      },
                      "time" : {
                        "type" : "string",
                        "format" : "time",
                        "title" : "Custom default time",
                        "description" : "The default time.",
                        "default" : "11:00:00"
                      },
                      "zonedDateTime" : {
                        "type" : "string",
                        "format" : "date-time",
                        "title" : "Custom default zoned date&time",
                        "description" : "The default zoned date&amp;time.",
                        "default" : {
                          "dateTime" : "2025-09-15T11:00:00",
                          "timeZone" : "Europe/Berlin"
                        }
                      }
                    },
                    "default" : {
                      "date" : "2025-09-15",
                      "time" : "11:00:00",
                      "localDateTime" : "2025-09-15T11:00:00",
                      "zonedDateTime" : {
                        "dateTime" : "2025-09-15T11:00:00",
                        "timeZone" : "Europe/Berlin"
                      }
                    }
                  }
                },
                "default" : {
                  "default" : {
                    "date" : "2025-09-15",
                    "time" : "11:00:00",
                    "localDateTime" : "2025-09-15T11:00:00",
                    "zonedDateTime" : {
                      "dateTime" : "2025-09-15T11:00:00",
                      "timeZone" : "Europe/Berlin"
                    }
                  }
                }
              },
              "granularity" : {
                "oneOf" : [ {
                  "const" : "SHOW_MINUTES",
                  "title" : "Minutes"
                }, {
                  "const" : "SHOW_SECONDS",
                  "title" : "Seconds"
                }, {
                  "const" : "SHOW_MILLIS",
                  "title" : "Milliseconds"
                } ],
                "title" : "Granularity",
                "description" : "In which granularity the time field should be displayed.\n<ul>\n<li><b>Minutes</b>: Show hours and minutes.</li>\n<li><b>Seconds</b>: Show hours, minutes and seconds.</li>\n<li><b>Milliseconds</b>: Show hours, minutes, seconds and milliseconds.</li>\n</ul>",
                "default" : "SHOW_MINUTES"
              },
              "max" : {
                "type" : "object",
                "properties" : {
                  "date" : {
                    "type" : "string",
                    "format" : "date",
                    "title" : "Custom latest date",
                    "description" : "The latest allowed date.",
                    "default" : "2025-09-15"
                  },
                  "localDateTime" : {
                    "type" : "string",
                    "format" : "date-time",
                    "title" : "Custom latest local date&time",
                    "description" : "The latest allowed local date&amp;time.",
                    "default" : "2025-09-15T11:00:00"
                  },
                  "time" : {
                    "type" : "string",
                    "format" : "time",
                    "title" : "Custom latest time",
                    "description" : "The latest allowed time.",
                    "default" : "11:00:00"
                  },
                  "zonedDateTime" : {
                    "type" : "string",
                    "format" : "date-time",
                    "title" : "Custom latest zoned date&time",
                    "description" : "The latest allowed zoned date&amp;time.",
                    "default" : {
                      "dateTime" : "2025-09-15T11:00:00",
                      "timeZone" : "Europe/Berlin"
                    }
                  }
                },
                "default" : {
                  "date" : "2025-09-15",
                  "time" : "11:00:00",
                  "localDateTime" : "2025-09-15T11:00:00",
                  "zonedDateTime" : {
                    "dateTime" : "2025-09-15T11:00:00",
                    "timeZone" : "Europe/Berlin"
                  }
                }
              },
              "min" : {
                "type" : "object",
                "properties" : {
                  "date" : {
                    "type" : "string",
                    "format" : "date",
                    "title" : "Custom earliest date",
                    "description" : "The earliest allowed date.",
                    "default" : "2025-09-15"
                  },
                  "localDateTime" : {
                    "type" : "string",
                    "format" : "date-time",
                    "title" : "Custom earliest local date&time",
                    "description" : "The earliest allowed local date&amp;time.",
                    "default" : "2025-09-15T11:00:00"
                  },
                  "time" : {
                    "type" : "string",
                    "format" : "time",
                    "title" : "Custom earliest time",
                    "description" : "The earliest allowed time.",
                    "default" : "11:00:00"
                  },
                  "zonedDateTime" : {
                    "type" : "string",
                    "format" : "date-time",
                    "title" : "Custom earliest zoned date&time",
                    "description" : "The earliest allowed zoned date&amp;time.",
                    "default" : {
                      "dateTime" : "2025-09-15T11:00:00",
                      "timeZone" : "Europe/Berlin"
                    }
                  }
                },
                "default" : {
                  "date" : "2025-09-15",
                  "time" : "11:00:00",
                  "localDateTime" : "2025-09-15T11:00:00",
                  "zonedDateTime" : {
                    "dateTime" : "2025-09-15T11:00:00",
                    "timeZone" : "Europe/Berlin"
                  }
                }
              },
              "overwrittenByValueMessage" : {
                "type" : "object"
              },
              "timeSelectionDefault" : {
                "oneOf" : [ {
                  "const" : "CUSTOM",
                  "title" : "Custom"
                }, {
                  "const" : "EXECUTION_TIME",
                  "title" : "Execution time"
                } ],
                "title" : "Default value",
                "description" : "The default values used as date&amp;time.\n<ul>\n<li><b>Custom</b>: Use a custom date&amp;time.</li>\n<li><b>Execution time</b>: Use the execution time.</li>\n</ul>",
                "default" : "CUSTOM"
              },
              "timeSelectionMax" : {
                "oneOf" : [ {
                  "const" : "NONE",
                  "title" : "None"
                }, {
                  "const" : "CUSTOM",
                  "title" : "Custom"
                }, {
                  "const" : "EXECUTION_TIME",
                  "title" : "Execution time"
                } ],
                "title" : "Latest value",
                "description" : "The latest allowed value used as date&amp;time.\n<ul>\n<li><b>None</b>: Do not use a date&amp;time.</li>\n<li><b>Custom</b>: Use a custom date&amp;time.</li>\n<li><b>Execution time</b>: Use the execution time.</li>\n</ul>",
                "default" : "NONE"
              },
              "timeSelectionMin" : {
                "oneOf" : [ {
                  "const" : "NONE",
                  "title" : "None"
                }, {
                  "const" : "CUSTOM",
                  "title" : "Custom"
                }, {
                  "const" : "EXECUTION_TIME",
                  "title" : "Execution time"
                } ],
                "title" : "Earliest value",
                "description" : "The earliest allowed value used as date&amp;time.\n<ul>\n<li><b>None</b>: Do not use a date&amp;time.</li>\n<li><b>Custom</b>: Use a custom date&amp;time.</li>\n<li><b>Execution time</b>: Use the execution time.</li>\n</ul>",
                "default" : "NONE"
              },
              "type" : {
                "oneOf" : [ {
                  "const" : "LOCAL_DATE",
                  "title" : "Date"
                }, {
                  "const" : "LOCAL_TIME",
                  "title" : "Time"
                }, {
                  "const" : "LOCAL_DATE_TIME",
                  "title" : "Date & time"
                }, {
                  "const" : "ZONED_DATE_TIME",
                  "title" : "Date & time & zone"
                } ],
                "title" : "Type",
                "description" : "Which date&amp;time type should be selectable.\n<ul>\n<li><b>Date</b>: Outputs values of type Date</li>\n<li><b>Time</b>: Outputs values of type Time</li>\n<li><b>Date &amp; time</b>: Outputs values of type Date&amp;time (Local)</li>\n<li><b>Date &amp; time &amp; zone</b>: Outputs values of type Date&amp;time (Zoned)</li>\n</ul>",
                "default" : "LOCAL_DATE_TIME"
              }
            },
            "default" : {
              "timeSelectionDefault" : "CUSTOM",
              "defaultValue" : {
                "default" : {
                  "date" : "2025-09-15",
                  "time" : "11:00:00",
                  "localDateTime" : "2025-09-15T11:00:00",
                  "zonedDateTime" : {
                    "dateTime" : "2025-09-15T11:00:00",
                    "timeZone" : "Europe/Berlin"
                  }
                }
              },
              "type" : "LOCAL_DATE_TIME",
              "granularity" : "SHOW_MINUTES",
              "timeSelectionMin" : "NONE",
              "min" : {
                "date" : "2025-09-15",
                "time" : "11:00:00",
                "localDateTime" : "2025-09-15T11:00:00",
                "zonedDateTime" : {
                  "dateTime" : "2025-09-15T11:00:00",
                  "timeZone" : "Europe/Berlin"
                }
              },
              "timeSelectionMax" : "NONE",
              "max" : {
                "date" : "2025-09-15",
                "time" : "11:00:00",
                "localDateTime" : "2025-09-15T11:00:00",
                "zonedDateTime" : {
                  "dateTime" : "2025-09-15T11:00:00",
                  "timeZone" : "Europe/Berlin"
                }
              }
            }
          },
          "description" : {
            "type" : "string",
            "title" : "Description",
            "description" : "Some lines of description that will be shown in the view, for instance by means of a tooltip.",
            "default" : "Enter Description"
          },
          "flowVariableName" : {
            "type" : "string",
            "title" : "Variable name",
            "description" : "The name of the exported flow variable.",
            "default" : "date-input"
          },
          "hideInWizard" : {
            "type" : "boolean",
            "default" : false
          },
          "label" : {
            "type" : "string",
            "title" : "Label",
            "description" : "A descriptive label that will be shown in the view.",
            "default" : "Label"
          },
          "required" : {
            "type" : "boolean",
            "default" : true
          },
          "showNowButton" : {
            "type" : "boolean",
            "title" : "Show \"Now\" button next to input field",
            "description" : "If enabled, a button labeled \"Now\" is shown next to the input field and inserts the current time when clicked.",
            "default" : true
          }
        }
      }
    }
  },
  "ui_schema" : {
    "elements" : [ {
      "label" : "Form Field",
      "type" : "Section",
      "elements" : [ {
        "type" : "Control",
        "scope" : "#/properties/model/properties/label"
      }, {
        "type" : "Control",
        "scope" : "#/properties/model/properties/description",
        "options" : {
          "rows" : 4,
          "format" : "textArea"
        }
      }, {
        "type" : "Control",
        "scope" : "#/properties/model/properties/dateNodeParameters/properties/type",
        "options" : {
          "format" : "valueSwitch"
        }
      }, {
        "type" : "Control",
        "scope" : "#/properties/model/properties/dateNodeParameters/properties/granularity",
        "rule" : {
          "effect" : "HIDE",
          "condition" : {
            "scope" : "#/properties/model/properties/dateNodeParameters/properties/type",
            "schema" : {
              "oneOf" : [ {
                "const" : "LOCAL_DATE"
              } ]
            }
          }
        }
      }, {
        "type" : "Control",
        "scope" : "#/properties/model/properties/showNowButton",
        "options" : {
          "format" : "checkbox"
        }
      } ]
    }, {
      "label" : "Validation",
      "type" : "Section",
      "elements" : [ {
        "type" : "Control",
        "scope" : "#/properties/model/properties/dateNodeParameters/properties/timeSelectionMin",
        "options" : {
          "format" : "valueSwitch"
        }
      }, {
        "type" : "Control",
        "scope" : "#/properties/model/properties/dateNodeParameters/properties/min/properties/date",
        "options" : {
          "format" : "localDate"
        },
        "rule" : {
          "effect" : "SHOW",
          "condition" : {
            "type" : "AND",
            "conditions" : [ {
              "scope" : "#/properties/model/properties/dateNodeParameters/properties/type",
              "schema" : {
                "oneOf" : [ {
                  "const" : "LOCAL_DATE"
                } ]
              }
            }, {
              "scope" : "#/properties/model/properties/dateNodeParameters/properties/timeSelectionMin",
              "schema" : {
                "oneOf" : [ {
                  "const" : "CUSTOM"
                } ]
              }
            } ]
          }
        }
      }, {
        "type" : "Control",
        "scope" : "#/properties/model/properties/dateNodeParameters/properties/min/properties/time",
        "options" : {
          "showMilliseconds" : true,
          "format" : "localTime"
        },
        "rule" : {
          "effect" : "SHOW",
          "condition" : {
            "type" : "AND",
            "conditions" : [ {
              "scope" : "#/properties/model/properties/dateNodeParameters/properties/type",
              "schema" : {
                "oneOf" : [ {
                  "const" : "LOCAL_TIME"
                } ]
              }
            }, {
              "scope" : "#/properties/model/properties/dateNodeParameters/properties/timeSelectionMin",
              "schema" : {
                "oneOf" : [ {
                  "const" : "CUSTOM"
                } ]
              }
            } ]
          }
        }
      }, {
        "type" : "Control",
        "scope" : "#/properties/model/properties/dateNodeParameters/properties/min/properties/localDateTime",
        "options" : {
          "showMilliseconds" : true,
          "format" : "dateTime"
        },
        "rule" : {
          "effect" : "SHOW",
          "condition" : {
            "type" : "AND",
            "conditions" : [ {
              "scope" : "#/properties/model/properties/dateNodeParameters/properties/type",
              "schema" : {
                "oneOf" : [ {
                  "const" : "LOCAL_DATE_TIME"
                } ]
              }
            }, {
              "scope" : "#/properties/model/properties/dateNodeParameters/properties/timeSelectionMin",
              "schema" : {
                "oneOf" : [ {
                  "const" : "CUSTOM"
                } ]
              }
            } ]
          }
        }
      }, {
        "type" : "Control",
        "scope" : "#/properties/model/properties/dateNodeParameters/properties/min/properties/zonedDateTime",
        "options" : {
          "possibleValues" : [ {
            "id" : "Africa/Johannesburg",
            "text" : "Africa/Johannesburg"
          }, {
            "id" : "America/Los_Angeles",
            "text" : "America/Los_Angeles"
          }, {
            "id" : "America/New_York",
            "text" : "America/New_York"
          }, {
            "id" : "America/Sao_Paulo",
            "text" : "America/Sao_Paulo"
          }, {
            "id" : "Asia/Shanghai",
            "text" : "Asia/Shanghai"
          }, {
            "id" : "Asia/Tokyo",
            "text" : "Asia/Tokyo"
          }, {
            "id" : "Australia/Sydney",
            "text" : "Australia/Sydney"
          }, {
            "id" : "Europe/Berlin",
            "text" : "Europe/Berlin"
          }, {
            "id" : "Europe/London",
            "text" : "Europe/London"
          }, {
            "id" : "Europe/Paris",
            "text" : "Europe/Paris"
          } ],
          "showMilliseconds" : true,
          "format" : "zonedDateTime"
        },
        "rule" : {
          "effect" : "SHOW",
          "condition" : {
            "type" : "AND",
            "conditions" : [ {
              "scope" : "#/properties/model/properties/dateNodeParameters/properties/type",
              "schema" : {
                "oneOf" : [ {
                  "const" : "ZONED_DATE_TIME"
                } ]
              }
            }, {
              "scope" : "#/properties/model/properties/dateNodeParameters/properties/timeSelectionMin",
              "schema" : {
                "oneOf" : [ {
                  "const" : "CUSTOM"
                } ]
              }
            } ]
          }
        }
      }, {
        "type" : "Control",
        "scope" : "#/properties/model/properties/dateNodeParameters/properties/timeSelectionMax",
        "options" : {
          "format" : "valueSwitch"
        }
      }, {
        "type" : "Control",
        "scope" : "#/properties/model/properties/dateNodeParameters/properties/max/properties/date",
        "options" : {
          "format" : "localDate"
        },
        "rule" : {
          "effect" : "SHOW",
          "condition" : {
            "type" : "AND",
            "conditions" : [ {
              "scope" : "#/properties/model/properties/dateNodeParameters/properties/type",
              "schema" : {
                "oneOf" : [ {
                  "const" : "LOCAL_DATE"
                } ]
              }
            }, {
              "scope" : "#/properties/model/properties/dateNodeParameters/properties/timeSelectionMax",
              "schema" : {
                "oneOf" : [ {
                  "const" : "CUSTOM"
                } ]
              }
            } ]
          }
        }
      }, {
        "type" : "Control",
        "scope" : "#/properties/model/properties/dateNodeParameters/properties/max/properties/time",
        "options" : {
          "showMilliseconds" : true,
          "format" : "localTime"
        },
        "rule" : {
          "effect" : "SHOW",
          "condition" : {
            "type" : "AND",
            "conditions" : [ {
              "scope" : "#/properties/model/properties/dateNodeParameters/properties/type",
              "schema" : {
                "oneOf" : [ {
                  "const" : "LOCAL_TIME"
                } ]
              }
            }, {
              "scope" : "#/properties/model/properties/dateNodeParameters/properties/timeSelectionMax",
              "schema" : {
                "oneOf" : [ {
                  "const" : "CUSTOM"
                } ]
              }
            } ]
          }
        }
      }, {
        "type" : "Control",
        "scope" : "#/properties/model/properties/dateNodeParameters/properties/max/properties/localDateTime",
        "options" : {
          "showMilliseconds" : true,
          "format" : "dateTime"
        },
        "rule" : {
          "effect" : "SHOW",
          "condition" : {
            "type" : "AND",
            "conditions" : [ {
              "scope" : "#/properties/model/properties/dateNodeParameters/properties/type",
              "schema" : {
                "oneOf" : [ {
                  "const" : "LOCAL_DATE_TIME"
                } ]
              }
            }, {
              "scope" : "#/properties/model/properties/dateNodeParameters/properties/timeSelectionMax",
              "schema" : {
                "oneOf" : [ {
                  "const" : "CUSTOM"
                } ]
              }
            } ]
          }
        }
      }, {
        "type" : "Control",
        "scope" : "#/properties/model/properties/dateNodeParameters/properties/max/properties/zonedDateTime",
        "options" : {
          "possibleValues" : [ {
            "id" : "Africa/Johannesburg",
            "text" : "Africa/Johannesburg"
          }, {
            "id" : "America/Los_Angeles",
            "text" : "America/Los_Angeles"
          }, {
            "id" : "America/New_York",
            "text" : "America/New_York"
          }, {
            "id" : "America/Sao_Paulo",
            "text" : "America/Sao_Paulo"
          }, {
            "id" : "Asia/Shanghai",
            "text" : "Asia/Shanghai"
          }, {
            "id" : "Asia/Tokyo",
            "text" : "Asia/Tokyo"
          }, {
            "id" : "Australia/Sydney",
            "text" : "Australia/Sydney"
          }, {
            "id" : "Europe/Berlin",
            "text" : "Europe/Berlin"
          }, {
            "id" : "Europe/London",
            "text" : "Europe/London"
          }, {
            "id" : "Europe/Paris",
            "text" : "Europe/Paris"
          } ],
          "showMilliseconds" : true,
          "format" : "zonedDateTime"
        },
        "rule" : {
          "effect" : "SHOW",
          "condition" : {
            "type" : "AND",
            "conditions" : [ {
              "scope" : "#/properties/model/properties/dateNodeParameters/properties/type",
              "schema" : {
                "oneOf" : [ {
                  "const" : "ZONED_DATE_TIME"
                } ]
              }
            }, {
              "scope" : "#/properties/model/properties/dateNodeParameters/properties/timeSelectionMax",
              "schema" : {
                "oneOf" : [ {
                  "const" : "CUSTOM"
                } ]
              }
            } ]
          }
        }
      } ]
    }, {
      "label" : "Output",
      "type" : "Section",
      "elements" : [ {
        "type" : "Control",
        "id" : "#/properties/model/properties/dateNodeParameters/properties/overwrittenByValueMessage",
        "options" : {
          "format" : "textMessage"
        },
        "providedOptions" : [ "message" ]
      }, {
        "type" : "Control",
        "scope" : "#/properties/model/properties/dateNodeParameters/properties/timeSelectionDefault",
        "options" : {
          "format" : "valueSwitch"
        }
      }, {
        "type" : "Control",
        "scope" : "#/properties/model/properties/dateNodeParameters/properties/defaultValue/properties/default/properties/date",
        "options" : {
          "format" : "localDate"
        },
        "rule" : {
          "effect" : "SHOW",
          "condition" : {
            "type" : "AND",
            "conditions" : [ {
              "scope" : "#/properties/model/properties/dateNodeParameters/properties/type",
              "schema" : {
                "oneOf" : [ {
                  "const" : "LOCAL_DATE"
                } ]
              }
            }, {
              "scope" : "#/properties/model/properties/dateNodeParameters/properties/timeSelectionDefault",
              "schema" : {
                "oneOf" : [ {
                  "const" : "CUSTOM"
                } ]
              }
            } ]
          }
        }
      }, {
        "type" : "Control",
        "scope" : "#/properties/model/properties/dateNodeParameters/properties/defaultValue/properties/default/properties/time",
        "options" : {
          "showMilliseconds" : true,
          "format" : "localTime"
        },
        "rule" : {
          "effect" : "SHOW",
          "condition" : {
            "type" : "AND",
            "conditions" : [ {
              "scope" : "#/properties/model/properties/dateNodeParameters/properties/type",
              "schema" : {
                "oneOf" : [ {
                  "const" : "LOCAL_TIME"
                } ]
              }
            }, {
              "scope" : "#/properties/model/properties/dateNodeParameters/properties/timeSelectionDefault",
              "schema" : {
                "oneOf" : [ {
                  "const" : "CUSTOM"
                } ]
              }
            } ]
          }
        }
      }, {
        "type" : "Control",
        "scope" : "#/properties/model/properties/dateNodeParameters/properties/defaultValue/properties/default/properties/localDateTime",
        "options" : {
          "showMilliseconds" : true,
          "format" : "dateTime"
        },
        "rule" : {
          "effect" : "SHOW",
          "condition" : {
            "type" : "AND",
            "conditions" : [ {
              "scope" : "#/properties/model/properties/dateNodeParameters/properties/type",
              "schema" : {
                "oneOf" : [ {
                  "const" : "LOCAL_DATE_TIME"
                } ]
              }
            }, {
              "scope" : "#/properties/model/properties/dateNodeParameters/properties/timeSelectionDefault",
              "schema" : {
                "oneOf" : [ {
                  "const" : "CUSTOM"
                } ]
              }
            } ]
          }
        }
      }, {
        "type" : "Control",
        "scope" : "#/properties/model/properties/dateNodeParameters/properties/defaultValue/properties/default/properties/zonedDateTime",
        "options" : {
          "possibleValues" : [ {
            "id" : "Africa/Johannesburg",
            "text" : "Africa/Johannesburg"
          }, {
            "id" : "America/Los_Angeles",
            "text" : "America/Los_Angeles"
          }, {
            "id" : "America/New_York",
            "text" : "America/New_York"
          }, {
            "id" : "America/Sao_Paulo",
            "text" : "America/Sao_Paulo"
          }, {
            "id" : "Asia/Shanghai",
            "text" : "Asia/Shanghai"
          }, {
            "id" : "Asia/Tokyo",
            "text" : "Asia/Tokyo"
          }, {
            "id" : "Australia/Sydney",
            "text" : "Australia/Sydney"
          }, {
            "id" : "Europe/Berlin",
            "text" : "Europe/Berlin"
          }, {
            "id" : "Europe/London",
            "text" : "Europe/London"
          }, {
            "id" : "Europe/Paris",
            "text" : "Europe/Paris"
          } ],
          "showMilliseconds" : true,
          "format" : "zonedDateTime"
        },
        "rule" : {
          "effect" : "SHOW",
          "condition" : {
            "type" : "AND",
            "conditions" : [ {
              "scope" : "#/properties/model/properties/dateNodeParameters/properties/type",
              "schema" : {
                "oneOf" : [ {
                  "const" : "ZONED_DATE_TIME"
                } ]
              }
            }, {
              "scope" : "#/properties/model/properties/dateNodeParameters/properties/timeSelectionDefault",
              "schema" : {
                "oneOf" : [ {
                  "const" : "CUSTOM"
                } ]
              }
            } ]
          }
        }
      }, {
        "type" : "Control",
        "scope" : "#/properties/model/properties/flowVariableName",
        "options" : {
          "validation" : {
            "pattern" : {
              "errorMessage" : "The string must start and end with a non-whitespace character.",
              "parameters" : {
                "pattern" : "\\S(.*\\S)?"
              }
            }
          }
        }
      } ]
    } ]
  },
  "persist" : {
    "type" : "object",
    "properties" : {
      "model" : {
        "type" : "object",
        "properties" : {
          "label" : { },
          "description" : { },
          "flowVariableName" : { },
          "hideInWizard" : { },
          "customCSS" : { },
          "required" : { },
          "dateNodeParameters" : {
            "type" : "object",
            "properties" : {
              "overwrittenByValueMessage" : { },
              "timeSelectionDefault" : {
                "configPaths" : [ [ "use_default_exec_time" ] ]
              },
              "defaultValue" : {
                "type" : "object",
                "properties" : {
                  "default" : {
                    "configPaths" : [ [ "date&time" ] ]
                  }
                }
              },
              "type" : {
                "configKey" : "date_time_type"
              },
              "granularity" : {
                "configKey" : "granularity"
              },
              "timeSelectionMin" : {
                "configPaths" : [ [ "use_min" ], [ "use_min_exec_time" ] ]
              },
              "min" : {
                "configPaths" : [ [ "min" ] ]
              },
              "timeSelectionMax" : {
                "configPaths" : [ [ "use_max" ], [ "use_max_exec_time" ] ]
              },
              "max" : {
                "configPaths" : [ [ "max" ] ]
              }
            },
            "propertiesRoute" : [ ".." ]
          },
          "showNowButton" : {
            "configKey" : "show_now"
          }
        }
      }
    }
  },
  "globalUpdates" : [ {
    "trigger" : {
      "id" : "after-open-dialog"
    },
    "triggerInitially" : true,
    "dependencies" : [ "#/properties/model/properties/dateNodeParameters/properties/type" ]
  }, {
    "trigger" : {
      "scope" : "#/properties/model/properties/dateNodeParameters/properties/type"
    },
    "dependencies" : [ "#/properties/model/properties/dateNodeParameters/properties/defaultValue/properties/default", "#/properties/model/properties/dateNodeParameters/properties/max", "#/properties/model/properties/dateNodeParameters/properties/min", "#/properties/model/properties/dateNodeParameters/properties/type" ]
  } ]
}