<?xml version="1.0" encoding="UTF-8"?>
<config xmlns="http://www.knime.org/2008/09/XMLConfig" xmlns:xsi="http://www.w3.org/2001/XMLSchema-instance" xsi:schemaLocation="http://www.knime.org/2008/09/XMLConfig http://www.knime.org/XMLConfig_2008_09.xsd" key="test">
    <entry key="label" type="xstring" value="File Chooser Label"/>
    <entry key="description" type="xstring" value="Choose files from remote location"/>
    <entry key="flowVariableName" type="xstring" value="file-chooser"/>
    <entry key="parameterName" type="xstring" value="file-chooser"/>
    <entry key="hideInDialog" type="xboolean" value="false"/>
    <entry key="required" type="xboolean" value="false"/>
    <config key="defaultValue">
        <config key="items">
            <entry key="num_items" type="xint" value="1"/>
            <config key="item_0">
                <entry key="path" type="xstring" value=""/>
                <entry key="type" type="xstring" value="UNKNOWN"/>
            </config>
        </config>
    </config>
    <entry key="selectDataFiles" type="xboolean" value="true"/>
    <entry key="selectWorkflows" type="xboolean" value="true"/>
    <entry key="selectDirectories" type="xboolean" value="true"/>
    <entry key="outputType" type="xboolean" value="true"/>
    <config key="types">
        <entry key="array-size" type="xint" value="3"/>
        <entry key="0" type="xstring" value=".csv"/>
        <entry key="1" type="xstring" value=".txt"/>
        <entry key="2" type="xstring" value=".xml"/>
    </config>
    <entry key="multipleSelection" type="xboolean" value="true"/>
    <entry key="defaultMountId" type="xboolean" value="false"/>
    <entry key="customMountId" type="xstring" value="custom-mount-123"/>
    <entry key="rootDir" type="xstring" value="/remote/root"/>
    <entry key="error_message" type="xstring" value=""/>
</config>
