{
  "data" : {
    "model" : {
      "label" : "Label",
      "description" : "Enter Description",
      "flowVariableName" : "column-filter",
      "hideInWizard" : false,
      "customCSS" : "",
      "required" : true,
      "triggerReExecution" : false,
      "columnFilterNodeParameters" : {
        "defaultValue" : {
          "columnFilterLevel1" : {
            "columnFilter" : {
              "mode" : "MANUAL",
              "patternFilter" : {
                "pattern" : "",
                "isCaseSensitive" : true,
                "isInverted" : false
              },
              "manualFilter" : {
                "manuallySelected" : [ ],
                "manuallyDeselected" : [ ],
                "includeUnknownColumns" : true
              },
              "typeFilter" : {
                "selectedTypes" : [ ],
                "typeDisplays" : [ ]
              }
            }
          },
          "columns" : [ ]
        },
        "limitVisibleOptionsParameters" : {
          "limitNumberOfVisibleOptions" : false,
          "numberOfVisibleOptions" : 10
        },
        "possibleColumns" : [ ],
        "type" : "Twinlist"
      },
      "enableSearchParameter" : {
        "enableSearch" : false
      }
    }
  },
  "schema" : {
    "type" : "object",
    "properties" : {
      "model" : {
        "type" : "object",
        "properties" : {
          "columnFilterNodeParameters" : {
            "type" : "object",
            "properties" : {
              "defaultValue" : {
                "type" : "object",
                "properties" : {
                  "columnFilterLevel1" : {
                    "type" : "object",
                    "properties" : {
                      "columnFilter" : {
                        "type" : "object",
                        "properties" : {
                          "manualFilter" : {
                            "type" : "object",
                            "properties" : {
                              "includeUnknownColumns" : {
                                "type" : "boolean",
                                "default" : false
                              },
                              "manuallyDeselected" : {
                                "type" : "array",
                                "items" : {
                                  "type" : "string"
                                }
                              },
                              "manuallySelected" : {
                                "type" : "array",
                                "items" : {
                                  "type" : "string"
                                }
                              }
                            },
                            "default" : {
                              "manuallySelected" : [ ],
                              "manuallyDeselected" : [ ],
                              "includeUnknownColumns" : false
                            }
                          },
                          "mode" : {
                            "oneOf" : [ {
                              "const" : "MANUAL",
                              "title" : "Manual"
                            }, {
                              "const" : "REGEX",
                              "title" : "Regex"
                            }, {
                              "const" : "WILDCARD",
                              "title" : "Wildcard"
                            }, {
                              "const" : "TYPE",
                              "title" : "Type"
                            } ],
                            "default" : "MANUAL"
                          },
                          "patternFilter" : {
                            "type" : "object",
                            "properties" : {
                              "isCaseSensitive" : {
                                "type" : "boolean",
                                "default" : false
                              },
                              "isInverted" : {
                                "type" : "boolean",
                                "default" : false
                              },
                              "pattern" : {
                                "type" : "string",
                                "default" : ""
                              }
                            },
                            "default" : {
                              "pattern" : "",
                              "isCaseSensitive" : false,
                              "isInverted" : false
                            }
                          },
                          "selected" : {
                            "type" : "array",
                            "items" : {
                              "type" : "string"
                            }
                          },
                          "typeFilter" : {
                            "type" : "object",
                            "properties" : {
                              "selectedTypes" : {
                                "default" : [ ],
                                "type" : "array",
                                "items" : {
                                  "type" : "string"
                                }
                              }
                            },
                            "default" : {
                              "selectedTypes" : [ ],
                              "typeDisplays" : [ ]
                            }
                          }
                        },
                        "title" : "Default values",
                        "description" : "The columns that are selected by default.",
                        "default" : {
                          "mode" : "MANUAL",
                          "patternFilter" : {
                            "pattern" : "",
                            "isCaseSensitive" : false,
                            "isInverted" : false
                          },
                          "manualFilter" : {
                            "manuallySelected" : [ ],
                            "manuallyDeselected" : [ ],
                            "includeUnknownColumns" : true
                          },
                          "typeFilter" : {
                            "selectedTypes" : [ ],
                            "typeDisplays" : [ ]
                          }
                        }
                      }
                    },
                    "default" : {
                      "columnFilter" : {
                        "mode" : "MANUAL",
                        "patternFilter" : {
                          "pattern" : "",
                          "isCaseSensitive" : false,
                          "isInverted" : false
                        },
                        "manualFilter" : {
                          "manuallySelected" : [ ],
                          "manuallyDeselected" : [ ],
                          "includeUnknownColumns" : true
                        },
                        "typeFilter" : {
                          "selectedTypes" : [ ],
                          "typeDisplays" : [ ]
                        }
                      }
                    }
                  },
                  "columns" : {
                    "type" : "array",
                    "items" : {
                      "type" : "string"
                    },
                    "default" : [ ]
                  }
                },
                "default" : {
                  "columnFilterLevel1" : {
                    "columnFilter" : {
                      "mode" : "MANUAL",
                      "patternFilter" : {
                        "pattern" : "",
                        "isCaseSensitive" : false,
                        "isInverted" : false
                      },
                      "manualFilter" : {
                        "manuallySelected" : [ ],
                        "manuallyDeselected" : [ ],
                        "includeUnknownColumns" : true
                      },
                      "typeFilter" : {
                        "selectedTypes" : [ ],
                        "typeDisplays" : [ ]
                      }
                    }
                  },
                  "columns" : [ ]
                }
              },
              "limitVisibleOptionsParameters" : {
                "type" : "object",
                "properties" : {
                  "limitNumberOfVisibleOptions" : {
                    "type" : "boolean",
                    "title" : "Limit number of visible options",
                    "description" : "By default the filter component adjusts its height to display all possible choices without a scroll bar. If the setting is enabled, you will be able to limit the number of visible options in case you have too many of them.",
                    "default" : false
                  },
                  "numberOfVisibleOptions" : {
                    "type" : "integer",
                    "format" : "int32",
                    "title" : "Number of visible options",
                    "description" : "A number of options visible in the filter component without a vertical scroll bar. Changing this value will also affect the component's height. Notice that the height cannot be less than the overall height of the control buttons in the middle.",
                    "default" : 5
                  }
                },
                "default" : {
                  "limitNumberOfVisibleOptions" : true,
                  "numberOfVisibleOptions" : 5
                }
              },
              "overwrittenByValueMessage" : {
                "type" : "object"
              },
              "possibleColumns" : {
                "type" : "array",
                "items" : {
                  "type" : "string"
                },
                "default" : [ ]
              },
              "type" : {
                "type" : "string",
                "default" : "Twinlist"
              }
            },
            "default" : {
              "defaultValue" : {
                "columnFilterLevel1" : {
                  "columnFilter" : {
                    "mode" : "MANUAL",
                    "patternFilter" : {
                      "pattern" : "",
                      "isCaseSensitive" : false,
                      "isInverted" : false
                    },
                    "manualFilter" : {
                      "manuallySelected" : [ ],
                      "manuallyDeselected" : [ ],
                      "includeUnknownColumns" : true
                    },
                    "typeFilter" : {
                      "selectedTypes" : [ ],
                      "typeDisplays" : [ ]
                    }
                  }
                },
                "columns" : [ ]
              },
              "limitVisibleOptionsParameters" : {
                "limitNumberOfVisibleOptions" : true,
                "numberOfVisibleOptions" : 5
              },
              "possibleColumns" : [ ],
              "type" : "Twinlist"
            }
          },
          "customCSS" : {
            "type" : "string",
            "default" : ""
          },
          "description" : {
            "type" : "string",
            "title" : "Description",
            "description" : "Some lines of description that will be shown in the view, for instance by means of a tooltip.",
            "default" : "Enter Description"
          },
          "enableSearchParameter" : {
            "type" : "object",
            "properties" : {
              "enableSearch" : {
                "type" : "boolean",
                "title" : "Enable search",
                "description" : "If selected, a search field to filter the available columns will be rendered above the multiple selection.",
                "default" : false
              }
            },
            "default" : {
              "enableSearch" : false
            }
          },
          "flowVariableName" : {
            "type" : "string",
            "title" : "Variable name",
            "description" : "The name of the exported flow variable.",
            "default" : "column-filter"
          },
          "hideInWizard" : {
            "type" : "boolean",
            "default" : false
          },
          "label" : {
            "type" : "string",
            "title" : "Label",
            "description" : "A descriptive label that will be shown in the view.",
            "default" : "Label"
          },
          "required" : {
            "type" : "boolean",
            "default" : true
          },
          "triggerReExecution" : {
            "type" : "boolean",
            "title" : "Re-execution on widget value change",
            "description" : "If selected, the widget emits reactivity events that trigger the re-execution of downstream nodes in a component composite view when its value changes. It allows users to create interactive Data Apps and visualizations.",
            "default" : false
          }
        }
      }
    }
  },
  "ui_schema" : {
    "elements" : [ {
      "label" : "Form Field",
      "type" : "Section",
      "elements" : [ {
        "type" : "Control",
        "scope" : "#/properties/model/properties/label"
      }, {
        "type" : "Control",
        "scope" : "#/properties/model/properties/description",
        "options" : {
          "rows" : 4,
          "format" : "textArea"
        }
      }, {
        "type" : "Control",
        "scope" : "#/properties/model/properties/columnFilterNodeParameters/properties/limitVisibleOptionsParameters/properties/limitNumberOfVisibleOptions",
        "options" : {
          "format" : "checkbox"
        }
      }, {
        "type" : "Control",
        "scope" : "#/properties/model/properties/columnFilterNodeParameters/properties/limitVisibleOptionsParameters/properties/numberOfVisibleOptions",
        "options" : {
          "validation" : {
            "max" : {
              "errorMessage" : "The value must not exceed 2147483647.",
              "parameters" : {
                "isExclusive" : false,
                "max" : 2.147483647E9
              }
            },
            "min" : {
              "errorMessage" : "The value must be at least 5.",
              "parameters" : {
                "isExclusive" : false,
                "min" : 5.0
              }
            }
          }
        },
        "rule" : {
          "effect" : "SHOW",
          "condition" : {
            "scope" : "#/properties/model/properties/columnFilterNodeParameters/properties/limitVisibleOptionsParameters/properties/limitNumberOfVisibleOptions",
            "schema" : {
              "const" : true
            }
          }
        }
      }, {
        "type" : "Control",
        "scope" : "#/properties/model/properties/enableSearchParameter/properties/enableSearch",
        "options" : {
          "format" : "checkbox"
        }
      } ]
    }, {
      "label" : "Output",
      "type" : "Section",
      "elements" : [ {
        "type" : "Control",
        "id" : "#/properties/model/properties/columnFilterNodeParameters/properties/overwrittenByValueMessage",
        "options" : {
          "format" : "textMessage"
        },
        "providedOptions" : [ "message" ]
      }, {
        "type" : "Control",
        "scope" : "#/properties/model/properties/columnFilterNodeParameters/properties/defaultValue/properties/columnFilterLevel1/properties/columnFilter",
        "options" : {
          "format" : "typedStringFilter",
          "unknownValuesText" : "Any unknown column",
          "emptyStateLabel" : "No columns in this list."
        },
        "providedOptions" : [ "possibleValues" ]
      }, {
        "type" : "Control",
        "scope" : "#/properties/model/properties/flowVariableName",
        "options" : {
          "validation" : {
            "pattern" : {
              "errorMessage" : "The string must start and end with a non-whitespace character.",
              "parameters" : {
                "pattern" : "\\S(.*\\S)?"
              }
            }
          }
        }
      } ]
    }, {
      "label" : "Re-execution",
      "type" : "Section",
      "elements" : [ {
        "type" : "Control",
        "scope" : "#/properties/model/properties/triggerReExecution",
        "options" : {
          "format" : "checkbox"
        }
      } ]
    } ]
  },
  "persist" : {
    "type" : "object",
    "properties" : {
      "model" : {
        "type" : "object",
        "properties" : {
          "label" : { },
          "description" : { },
          "flowVariableName" : { },
          "hideInWizard" : { },
          "customCSS" : { },
          "required" : { },
          "triggerReExecution" : {
            "configKey" : "trigger_reexecution"
          },
          "columnFilterNodeParameters" : {
            "type" : "object",
            "properties" : {
              "overwrittenByValueMessage" : { },
              "defaultValue" : {
                "type" : "object",
                "properties" : {
                  "columnFilterLevel1" : {
                    "type" : "object",
                    "properties" : {
                      "columnFilter" : {
                        "configPaths" : [ [ "columnFilter", "filter-type" ], [ "columnFilter", "included_names" ], [ "columnFilter", "excluded_names" ], [ "columnFilter", "enforce_option" ], [ "columnFilter", "name_pattern", "pattern" ], [ "columnFilter", "name_pattern", "type" ], [ "columnFilter", "name_pattern", "caseSensitive" ], [ "columnFilter", "name_pattern", "excludeMatching" ] ]
                      }
                    },
                    "configKey" : "columnFilter"
                  },
                  "columns" : {
                    "configKey" : "columns"
                  }
                }
              },
              "limitVisibleOptionsParameters" : {
                "type" : "object",
                "properties" : {
                  "limitNumberOfVisibleOptions" : {
                    "configKey" : "limit_number_visible_options"
                  },
                  "numberOfVisibleOptions" : {
                    "configKey" : "number_visible_options"
                  }
                },
                "propertiesRoute" : [ ".." ]
              },
              "possibleColumns" : {
                "configKey" : "possibleColumns"
              },
              "type" : {
                "configKey" : "type"
              }
            },
            "propertiesRoute" : [ ".." ]
          },
          "enableSearchParameter" : {
            "type" : "object",
            "properties" : {
              "enableSearch" : {
                "configKey" : "enable_search"
              }
            },
            "propertiesRoute" : [ ".." ]
          }
        }
      }
    }
  },
  "initialUpdates" : [ {
    "scope" : "#/properties/model/properties/columnFilterNodeParameters/properties/defaultValue/properties/columnFilterLevel1/properties/columnFilter",
    "providedOptionName" : "possibleValues",
    "values" : [ {
      "indices" : [ ],
      "value" : [ {
        "id" : "column1",
        "text" : "column1",
        "type" : {
          "id" : "org.knime.core.data.DoubleValue",
          "text" : "Number (Float)"
        }
      }, {
        "id" : "column2",
        "text" : "column2",
        "type" : {
          "id" : "org.knime.core.data.IntValue",
          "text" : "Number (Integer)"
        }
      }, {
        "id" : "column3",
        "text" : "column3",
        "type" : {
          "id" : "org.knime.core.data.StringValue",
          "text" : "String"
        }
      }, {
        "id" : "column4",
        "text" : "column4",
        "type" : {
          "id" : "org.knime.core.data.StringValue",
          "text" : "String"
        }
      }, {
        "id" : "column5",
        "text" : "column5",
        "type" : {
          "id" : "org.knime.core.data.StringValue",
          "text" : "String"
        }
      } ]
    } ]
  }, {
    "scope" : "#/properties/model/properties/columnFilterNodeParameters/properties/defaultValue/properties/columns",
    "values" : [ {
      "indices" : [ ],
      "value" : [ "column1", "column2", "column3", "column4", "column5" ]
    } ]
  }, {
    "scope" : "#/properties/model/properties/columnFilterNodeParameters/properties/possibleColumns",
    "values" : [ {
      "indices" : [ ],
      "value" : [ "column1", "column2", "column3", "column4", "column5" ]
    } ]
  } ],
  "globalUpdates" : [ {
    "trigger" : {
      "id" : "after-open-dialog"
    },
    "triggerInitially" : true,
    "dependencies" : [ ]
  } ]
}